[INFO] Scanning for projects...
[INFO] 
[INFO] --------------------< com.tripwithus:trip-with-us >---------------------
[INFO] Building TRIP-WITH-US 1.0.0
[INFO]   from pom.xml
[INFO] --------------------------------[ jar ]---------------------------------
[INFO] 
[INFO] >>> spring-boot:3.3.2:run (default-cli) > test-compile @ trip-with-us >>>
[INFO] 
[INFO] --- resources:3.3.1:resources (default-resources) @ trip-with-us ---
[INFO] Copying 1 resource from src\main\resources to target\classes
[INFO] Copying 22 resources from src\main\resources to target\classes
[INFO] 
[INFO] --- compiler:3.13.0:compile (default-compile) @ trip-with-us ---
[INFO] Nothing to compile - all classes are up to date.
[INFO] 
[INFO] --- resources:3.3.1:testResources (default-testResources) @ trip-with-us ---
[INFO] skip non existing resourceDirectory C:\Users\yhanu\OneDrive\Desktop\trip-with-us\trip-with-us\src\test\resources
[INFO] 
[INFO] --- compiler:3.13.0:testCompile (default-testCompile) @ trip-with-us ---
[INFO] Nothing to compile - all classes are up to date.
[INFO] 
[INFO] <<< spring-boot:3.3.2:run (default-cli) < test-compile @ trip-with-us <<<
[INFO] 
[INFO] 
[INFO] --- spring-boot:3.3.2:run (default-cli) @ trip-with-us ---
[INFO] Attaching agents: []

  .   ____          _            __ _ _
 /\\ / ___'_ __ _ _(_)_ __  __ _ \ \ \ \
( ( )\___ | '_ | '_| | '_ \/ _` | \ \ \ \
 \\/  ___)| |_)| | | | | || (_| |  ) ) ) )
  '  |____| .__|_| |_|_| |_\__, | / / / /
 =========|_|==============|___/=/_/_/_/

 :: Spring Boot ::                (v3.3.2)

2026-08-07T15:13:13.999+05:30  INFO 19808 --- [trip-with-us] [           main] com.tripwithus.TripWithUsApplication     : Starting TripWithUsApplication using Java 25.0.4 with PID 19808 (C:\Users\yhanu\OneDrive\Desktop\trip-with-us\trip-with-us\target\classes started by yhanu in C:\Users\yhanu\OneDrive\Desktop\trip-with-us\trip-with-us)
2026-08-07T15:13:14.002+05:30  INFO 19808 --- [trip-with-us] [           main] com.tripwithus.TripWithUsApplication     : No active profile set, falling back to 1 default profile: "default"
2026-08-07T15:13:15.065+05:30  INFO 19808 --- [trip-with-us] [           main] .s.d.r.c.RepositoryConfigurationDelegate : Bootstrapping Spring Data JPA repositories in DEFAULT mode.
2026-08-07T15:13:15.229+05:30  INFO 19808 --- [trip-with-us] [           main] .s.d.r.c.RepositoryConfigurationDelegate : Finished Spring Data repository scanning in 148 ms. Found 18 JPA repository interfaces.
WARNING: A restricted method in java.lang.System has been called
WARNING: java.lang.System::load has been called by org.apache.tomcat.jni.Library in an unnamed module (file:/C:/Users/yhanu/.m2/repository/org/apache/tomcat/embed/tomcat-embed-core/10.1.26/tomcat-embed-core-10.1.26.jar)
WARNING: Use --enable-native-access=ALL-UNNAMED to avoid a warning for callers in this module
WARNING: Restricted methods will be blocked in a future release unless native access is enabled

2026-08-07T15:13:16.210+05:30  INFO 19808 --- [trip-with-us] [           main] o.s.b.w.embedded.tomcat.TomcatWebServer  : Tomcat initialized with port 8080 (http)
2026-08-07T15:13:16.230+05:30  INFO 19808 --- [trip-with-us] [           main] o.apache.catalina.core.StandardService   : Starting service [Tomcat]
2026-08-07T15:13:16.231+05:30  INFO 19808 --- [trip-with-us] [           main] o.apache.catalina.core.StandardEngine    : Starting Servlet engine: [Apache Tomcat/10.1.26]
2026-08-07T15:13:16.371+05:30  INFO 19808 --- [trip-with-us] [           main] o.a.c.c.C.[Tomcat].[localhost].[/]       : Initializing Spring embedded WebApplicationContext
2026-08-07T15:13:16.372+05:30  INFO 19808 --- [trip-with-us] [           main] w.s.c.ServletWebServerApplicationContext : Root WebApplicationContext: initialization completed in 2300 ms
2026-08-07T15:13:16.429+05:30  INFO 19808 --- [trip-with-us] [           main] com.zaxxer.hikari.HikariDataSource       : HikariPool-1 - Starting...
2026-08-07T15:13:16.809+05:30  INFO 19808 --- [trip-with-us] [           main] com.zaxxer.hikari.pool.HikariPool        : HikariPool-1 - Added connection conn0: url=jdbc:h2:mem:tripwithus user=SA
2026-08-07T15:13:16.811+05:30  INFO 19808 --- [trip-with-us] [           main] com.zaxxer.hikari.HikariDataSource       : HikariPool-1 - Start completed.
2026-08-07T15:13:16.828+05:30  INFO 19808 --- [trip-with-us] [           main] o.s.b.a.h2.H2ConsoleAutoConfiguration    : H2 console available at '/h2-console'. Database available at 'jdbc:h2:mem:tripwithus'
2026-08-07T15:13:17.018+05:30  INFO 19808 --- [trip-with-us] [           main] o.hibernate.jpa.internal.util.LogHelper  : HHH000204: Processing PersistenceUnitInfo [name: default]
2026-08-07T15:13:17.098+05:30  INFO 19808 --- [trip-with-us] [           main] org.hibernate.Version                    : HHH000412: Hibernate ORM core version 6.5.2.Final
2026-08-07T15:13:17.146+05:30  INFO 19808 --- [trip-with-us] [           main] o.h.c.internal.RegionFactoryInitiator    : HHH000026: Second-level cache disabled
2026-08-07T15:13:17.641+05:30  INFO 19808 --- [trip-with-us] [           main] o.s.o.j.p.SpringPersistenceUnitInfo      : No LoadTimeWeaver setup: ignoring JPA class transformer
2026-08-07T15:13:17.708+05:30  WARN 19808 --- [trip-with-us] [           main] org.hibernate.orm.deprecation            : HHH90000025: H2Dialect does not need to be specified explicitly using 'hibernate.dialect' (remove the property setting and it will be selected by default)
2026-08-07T15:13:19.826+05:30  INFO 19808 --- [trip-with-us] [           main] o.h.e.t.j.p.i.JtaPlatformInitiator       : HHH000489: No JTA platform available (set 'hibernate.transaction.jta.platform' to enable JTA platform integration)
2026-08-07T15:13:20.168+05:30  INFO 19808 --- [trip-with-us] [           main] j.LocalContainerEntityManagerFactoryBean : Initialized JPA EntityManagerFactory for persistence unit 'default'
2026-08-07T15:13:22.110+05:30  WARN 19808 --- [trip-with-us] [           main] .s.s.UserDetailsServiceAutoConfiguration : 

Using generated security password: cc0214d6-2c28-458c-bd6d-d51e41fc4723

This generated password is for development use only. Your security configuration must be updated before running your application in production.

2026-08-07T15:13:22.130+05:30  INFO 19808 --- [trip-with-us] [           main] r$InitializeUserDetailsManagerConfigurer : Global AuthenticationManager configured with UserDetailsService bean with name inMemoryUserDetailsManager
2026-08-07T15:13:22.348+05:30  INFO 19808 --- [trip-with-us] [           main] o.s.b.a.w.s.WelcomePageHandlerMapping    : Adding welcome page: class path resource [static/index.html]
2026-08-07T15:13:25.474+05:30  INFO 19808 --- [trip-with-us] [           main] o.s.b.w.embedded.tomcat.TomcatWebServer  : Tomcat started on port 8080 (http) with context path '/'
2026-08-07T15:13:25.499+05:30  INFO 19808 --- [trip-with-us] [           main] com.tripwithus.TripWithUsApplication     : Started TripWithUsApplication in 12.13 seconds (process running for 12.646)
2026-08-07T15:13:52.825+05:30  INFO 19808 --- [trip-with-us] [nio-8080-exec-1] o.a.c.c.C.[Tomcat].[localhost].[/]       : Initializing Spring DispatcherServlet 'dispatcherServlet'
2026-08-07T15:13:52.825+05:30  INFO 19808 --- [trip-with-us] [nio-8080-exec-1] o.s.web.servlet.DispatcherServlet        : Initializing Servlet 'dispatcherServlet'
2026-08-07T15:13:52.827+05:30  INFO 19808 --- [trip-with-us] [nio-8080-exec-1] o.s.web.servlet.DispatcherServlet        : Completed initialization in 2 ms
